// Jest Snapshot v1, https://goo.gl/fbAQLP

exports[`renders correctly 1`] = `
<Fragment>
  <div>
    <Button
      dataTest="dashboarditem-menu-button"
      onClick={[Function]}
      secondary={true}
      small={true}
      type="button"
    >
      <ThreeDots />
    </Button>
  </div>
</Fragment>
`;
