// Jest Snapshot v1, https://goo.gl/fbAQLP

exports[`VisualizationItem/Item renders a DefaultPlugin when an EVENT_CHART is passed 1`] = `
<Fragment>
  <Connect(Component)
    actionButtons={
      <ItemHeaderButtons
        activeFooter={false}
        activeType="EVENT_CHART"
        d2={Object {}}
        item={
          Object {
            "eventChart": Object {
              "id": "evchart1",
              "name": "Test evchart",
            },
            "type": "EVENT_CHART",
          }
        }
        onSelectActiveType={[Function]}
        onToggleFooter={[Function]}
        visualization={
          Object {
            "columns": Array [],
            "description": "vis description",
            "filters": Array [],
            "id": "vis id",
            "name": "vis name",
            "rows": Array [],
          }
        }
      />
    }
    title="rainbow"
  />
  <FatalErrorBoundary>
    <div
      className="dashboard-item-content"
      key="3"
    />
  </FatalErrorBoundary>
</Fragment>
`;
