// Jest Snapshot v1, https://goo.gl/fbAQLP

exports[`ViewDashboard renders correctly default 1`] = `
<ViewDashboard
  clearEditDashboard={[MockFunction]}
  clearPrintDashboard={[MockFunction]}
  dashboardIsEditing={false}
  dashboardIsPrinting={false}
>
  <div
    className="container"
  >
    <MockDashboardsBar
      expanded={false}
      onExpandedChanged={[Function]}
    >
      <div>
        MockDashboardsBar
      </div>
    </MockDashboardsBar>
    <div
      className="dashboardContainer dashboard-wrapper"
    >
      <MockViewTitleBar>
        <div>
          MockViewTitleBar
        </div>
      </MockViewTitleBar>
      <MockFilterBar>
        <div>
          MockFilterBar
        </div>
      </MockFilterBar>
      <MockViewItemGrid>
        <div>
          MockViewItemGrid
        </div>
      </MockViewItemGrid>
    </div>
  </div>
</ViewDashboard>
`;
