// Jest Snapshot v1, https://goo.gl/fbAQLP

exports[`ViewDashboard renders correctly default 1`] = `
<WindowDimensionsProvider>
  <ViewDashboard
    clearEditDashboard={[MockFunction]}
    clearPrintDashboard={[MockFunction]}
    controlBarRows={2}
    dashboardIsEditing={false}
    dashboardIsPrinting={false}
  >
    <MockDashboardsBar>
      <div>
        MockDashboardsBar
      </div>
    </MockDashboardsBar>
    <div
      className="dashboard-wrapper"
      style={
        Object {
          "height": 616,
        }
      }
    >
      <MockViewTitleBar>
        <div>
          MockViewTitleBar
        </div>
      </MockViewTitleBar>
      <MockFilterBar>
        <div>
          MockFilterBar
        </div>
      </MockFilterBar>
      <MockViewItemGrid>
        <div>
          MockViewItemGrid
        </div>
      </MockViewItemGrid>
    </div>
  </ViewDashboard>
</WindowDimensionsProvider>
`;
