// Jest Snapshot v1, https://goo.gl/fbAQLP

exports[`renders NoVisMessage when no visualization 1`] = `
<div>
  <div
    style="height: 500px;"
  >
    <div
      class="jsx-3042342945 "
      data-test="dhis2-uicore-componentcover"
    >
      <div
        class="messageContent"
      >
        <svg
          color="#a0adba"
          height="24"
          viewBox="0 0 24 24"
          width="24"
          xmlns="http://www.w3.org/2000/svg"
        >
          <path
            d="M12.847 2.794l.056.102 8.416 17.674a1 1 0 01-.786 1.423l-.117.007H3.584a1 1 0 01-.947-1.322l.044-.108 8.416-17.674a1 1 0 011.75-.102zM12 5.65L5.167 19.999h13.665zM12 17a1 1 0 110 2 1 1 0 010-2zm1-7v6h-2v-6z"
            fill="currentColor"
          />
        </svg>
        No data to display
      </div>
    </div>
  </div>
</div>
`;

exports[`renders a DefaultPlugin when activeType is EVENT_CHART 1`] = `
<div>
  <div
    style="height: 500px;"
  >
    <div
      class="jsx-3042342945 "
      data-test="dhis2-uicore-componentcover"
    >
      <div
        class="messageContent"
      >
        <svg
          color="#a0adba"
          height="24"
          viewBox="0 0 24 24"
          width="24"
          xmlns="http://www.w3.org/2000/svg"
        >
          <path
            d="M12.847 2.794l.056.102 8.416 17.674a1 1 0 01-.786 1.423l-.117.007H3.584a1 1 0 01-.947-1.322l.044-.108 8.416-17.674a1 1 0 011.75-.102zM12 5.65L5.167 19.999h13.665zM12 17a1 1 0 110 2 1 1 0 010-2zm1-7v6h-2v-6z"
            fill="currentColor"
          />
        </svg>
        No data to display
      </div>
    </div>
  </div>
</div>
`;

exports[`renders a DefaultPlugin when activeType is EVENT_REPORT 1`] = `
<div>
  <div
    style="height: 500px;"
  >
    <div
      class="jsx-3042342945 "
      data-test="dhis2-uicore-componentcover"
    >
      <div
        class="messageContent"
      >
        <svg
          color="#a0adba"
          height="24"
          viewBox="0 0 24 24"
          width="24"
          xmlns="http://www.w3.org/2000/svg"
        >
          <path
            d="M12.847 2.794l.056.102 8.416 17.674a1 1 0 01-.786 1.423l-.117.007H3.584a1 1 0 01-.947-1.322l.044-.108 8.416-17.674a1 1 0 011.75-.102zM12 5.65L5.167 19.999h13.665zM12 17a1 1 0 110 2 1 1 0 010-2zm1-7v6h-2v-6z"
            fill="currentColor"
          />
        </svg>
        No data to display
      </div>
    </div>
  </div>
</div>
`;

exports[`renders a VisualizationPlugin for CHART 1`] = `
<div>
  <div
    style="height: 500px;"
  >
    <div
      class="jsx-3042342945 "
      data-test="dhis2-uicore-componentcover"
    >
      <div
        class="messageContent"
      >
        <svg
          color="#a0adba"
          height="24"
          viewBox="0 0 24 24"
          width="24"
          xmlns="http://www.w3.org/2000/svg"
        >
          <path
            d="M12.847 2.794l.056.102 8.416 17.674a1 1 0 01-.786 1.423l-.117.007H3.584a1 1 0 01-.947-1.322l.044-.108 8.416-17.674a1 1 0 011.75-.102zM12 5.65L5.167 19.999h13.665zM12 17a1 1 0 110 2 1 1 0 010-2zm1-7v6h-2v-6z"
            fill="currentColor"
          />
        </svg>
        No data to display
      </div>
    </div>
  </div>
</div>
`;

exports[`renders a VisualizationPlugin for REPORT_TABLE 1`] = `
<div>
  <div
    style="height: 500px;"
  >
    <div
      class="jsx-3042342945 "
      data-test="dhis2-uicore-componentcover"
    >
      <div
        class="messageContent"
      >
        <svg
          color="#a0adba"
          height="24"
          viewBox="0 0 24 24"
          width="24"
          xmlns="http://www.w3.org/2000/svg"
        >
          <path
            d="M12.847 2.794l.056.102 8.416 17.674a1 1 0 01-.786 1.423l-.117.007H3.584a1 1 0 01-.947-1.322l.044-.108 8.416-17.674a1 1 0 011.75-.102zM12 5.65L5.167 19.999h13.665zM12 17a1 1 0 110 2 1 1 0 010-2zm1-7v6h-2v-6z"
            fill="currentColor"
          />
        </svg>
        No data to display
      </div>
    </div>
  </div>
</div>
`;

exports[`renders a VisualizationPlugin when activeType is MAP 1`] = `
<div>
  <div
    style="height: 500px;"
  >
    <div
      class="jsx-3042342945 "
      data-test="dhis2-uicore-componentcover"
    >
      <div
        class="messageContent"
      >
        <svg
          color="#a0adba"
          height="24"
          viewBox="0 0 24 24"
          width="24"
          xmlns="http://www.w3.org/2000/svg"
        >
          <path
            d="M12.847 2.794l.056.102 8.416 17.674a1 1 0 01-.786 1.423l-.117.007H3.584a1 1 0 01-.947-1.322l.044-.108 8.416-17.674a1 1 0 011.75-.102zM12 5.65L5.167 19.999h13.665zM12 17a1 1 0 110 2 1 1 0 010-2zm1-7v6h-2v-6z"
            fill="currentColor"
          />
        </svg>
        No data to display
      </div>
    </div>
  </div>
</div>
`;
