// Jest Snapshot v1, https://goo.gl/fbAQLP

exports[`SinglesMenuGroup matches snapshot 1`] = `
<Fragment>
  <HeaderMenuItem
    title="ponies"
  />
  <ContentMenuItem
    key="colorful"
    name="Rainbow Dash"
    onInsert={[Function]}
    type="colorful"
  />
  <ContentMenuItem
    key="greytone"
    name="B&W"
    onInsert={[Function]}
    type="greytone"
  />
</Fragment>
`;
