// Jest Snapshot v1, https://goo.gl/fbAQLP

exports[`Filter matches the snapshot when filterText property is empty 1`] = `
<div
  className="container"
  onBlur={[Function]}
  onFocus={[Function]}
>
  <SearchIcon
    className="searchIcon"
  />
  <input
    className="input"
    data-test="search-dashboard-input"
    onChange={[Function]}
    onKeyUp={[Function]}
    placeholder="Search for a dashboard"
    type="text"
    value=""
  />
</div>
`;
