// Jest Snapshot v1, https://goo.gl/fbAQLP

exports[`Filter matches the snapshot when name property is empty 1`] = `
<WithStyles(Input)
  data-test="dhis2-dashboard-search-dashboard-input"
  endAdornment={
    <WithStyles(WithFormControlContext(InputAdornment))
      position="end"
    >
      <ClearButton
        onClear={[Function]}
      />
    </WithStyles(WithFormControlContext(InputAdornment))>
  }
  onChange={[Function]}
  onKeyUp={[Function]}
  placeholder="Search for a dashboard"
  startAdornment={
    <WithStyles(WithFormControlContext(InputAdornment))
      position="start"
    >
      <UNDEFINED />
    </WithStyles(WithFormControlContext(InputAdornment))>
  }
  value=""
/>
`;
