// Jest Snapshot v1, https://goo.gl/fbAQLP

exports[`ShowMoreButton renders correctly when at maxHeight 1`] = `
<div>
  <div
    class="container"
  >
    <button
      aria-label="Show more dashboards"
      class="showMore"
      data-test="showmore-button"
    >
      <svg
        height="24"
        viewBox="0 0 24 24"
        width="24"
        xmlns="http://www.w3.org/2000/svg"
      >
        <path
          d="M11.293 15.707a1 1 0 001.414 0l5-5a1 1 0 00-1.414-1.414L12 13.586 7.707 9.293a1 1 0 00-1.414 1.414z"
          fill="currentColor"
        />
      </svg>
    </button>
  </div>
</div>
`;

exports[`ShowMoreButton renders correctly when not at maxHeight 1`] = `
<div>
  <div
    class="container"
  >
    <button
      aria-label="Show more dashboards"
      class="showMore"
      data-test="showmore-button"
    >
      <svg
        height="24"
        viewBox="0 0 24 24"
        width="24"
        xmlns="http://www.w3.org/2000/svg"
      >
        <path
          d="M11.293 15.707a1 1 0 001.414 0l5-5a1 1 0 00-1.414-1.414L12 13.586 7.707 9.293a1 1 0 00-1.414 1.414z"
          fill="currentColor"
        />
      </svg>
    </button>
  </div>
</div>
`;
