// Jest Snapshot v1, https://goo.gl/fbAQLP

exports[`renders just the button when menu closed 1`] = `
<div>
  <div>
    <div
      class="ui-button"
      icon="[object Object]"
      secondary="true"
      small="true"
    />
  </div>
</div>
`;

exports[`renders null if all relevant settings are false 1`] = `<div />`;
