// Jest Snapshot v1, https://goo.gl/fbAQLP

exports[`ViewDashboard renders correctly default 1`] = `
<ViewDashboard
  clearEditDashboard={[MockFunction]}
  clearPrintDashboard={[MockFunction]}
  dashboardIsEditing={false}
  dashboardIsPrinting={false}
  registerPassiveView={[MockFunction]}
>
  <div
    className="container dashboard-scroll-container"
    data-test="outer-scroll-container"
  >
    <MockDashboardsBar
      expanded={false}
      onExpandedChanged={[Function]}
    >
      <div>
        DashboardsBar
      </div>
    </MockDashboardsBar>
    <DashboardContainer
      covered={false}
    >
      <div
        className="container dashboard-scroll-container"
      >
        <MockTitleBar>
          <div>
            TitleBar
          </div>
        </MockTitleBar>
        <MockFilterBar>
          <div>
            MockFilterBar
          </div>
        </MockFilterBar>
        <MockItemGrid>
          <div>
            MockItemGrid
          </div>
        </MockItemGrid>
      </div>
    </DashboardContainer>
  </div>
</ViewDashboard>
`;
